// Jest Snapshot v1, https://goo.gl/fbAQLP

exports[`<App /> renders 1`] = `
<styled.div>
  <BrowserRouter>
    <Switch>
      <PublicRoute
        component={[Function]}
        exact={true}
        isAuth={false}
        path="/"
      />
      <PublicRoute
        component={[Function]}
        exact={true}
        isAuth={false}
        path="/register"
      />
      <ProtectedRoute
        component={[Function]}
        exact={true}
        isAuth={false}
        path="/dashboard"
      />
    </Switch>
  </BrowserRouter>
</styled.div>
`;
